// Vitest Snapshot v1, https://vitest.dev/guide/snapshot.html

exports[`frozen telemetry error codes > matches the canonical sorted snapshot 1`] = `
[
  "BUDGET_HARD_CAP",
  "COMPOSE_GATE_CLOSED",
  "ENTRY_NOT_FOUND",
  "PATCH_APPLY_FAILED",
  "RATE_LIMITED",
  "RUNTIME_DISPOSED",
  "SCOPE_DENIED",
  "SPEC_ACTION_REF_MISSING",
  "SPEC_ACTION_REF_SMUGGLED",
  "SPEC_ACTION_SOURCE_UNKNOWN",
  "SPEC_ACTION_URL_FORBIDDEN",
  "SPEC_BUDGET_DEPTH",
  "SPEC_BUDGET_NODES",
  "SPEC_BUDGET_SIZE",
  "SPEC_BUDGET_STRING",
  "SPEC_CYCLE",
  "SPEC_DUPLICATE_CHILD",
  "SPEC_ENVELOPE_INVALID",
  "SPEC_HOST_ACTION_UNKNOWN",
  "SPEC_NODES_INVALID",
  "SPEC_NODE_PROPS_INVALID",
  "SPEC_NODE_UNKNOWN",
  "SPEC_ORPHAN_NODE",
  "SPEC_PANEL_UNKNOWN",
  "SPEC_ROOT_MISSING",
  "SPEC_ROOT_UNKNOWN",
  "SPEC_SANITIZE_CONTROL_CHAR",
  "SPEC_SANITIZE_JAVASCRIPT_URL",
  "SPEC_SANITIZE_URL_SCHEME",
  "SPEC_VERSION_UNKNOWN",
  "STACK_EMPTY",
  "TOOL_HANDLER_ERROR",
  "UNKNOWN_TOOL",
  "VALIDATION",
  "VOICE_CONNECT_FAILED",
  "VOICE_RECONNECT_EXHAUSTED",
]
`;
